{
  "bootstrap_2000": {
    "mean": 0.007261991608931808,
    "lo": -0.6936272035344261,
    "hi": 0.710924336509538,
    "positive_prob": 0.492,
    "n_samples": 2000,
    "seed": 42,
    "observed": -0.06485610842296545
  },
  "calibration_raw": {
    "pooled_brier": 0.25205287227869533,
    "log_loss": 0.6976151212603692,
    "ece_10_equal_width_bins": 0.04202465361012729,
    "reliability": [
      {
        "bin": "0.3-0.4",
        "n": 10,
        "mean_probability": 0.384411194121647,
        "observed_positive_fraction": 0.5
      },
      {
        "bin": "0.4-0.5",
        "n": 373,
        "mean_probability": 0.470271353038906,
        "observed_positive_fraction": 0.5683646112600537
      },
      {
        "bin": "0.5-0.6",
        "n": 1164,
        "mean_probability": 0.5419810803443482,
        "observed_positive_fraction": 0.5506872852233677
      },
      {
        "bin": "0.6-0.7",
        "n": 192,
        "mean_probability": 0.6306047441379813,
        "observed_positive_fraction": 0.515625
      },
      {
        "bin": "0.7-0.8",
        "n": 19,
        "mean_probability": 0.7501589824887185,
        "observed_positive_fraction": 0.631578947368421
      },
      {
        "bin": "0.8-0.9",
        "n": 6,
        "mean_probability": 0.8206102620060248,
        "observed_positive_fraction": 0.5
      }
    ]
  },
  "time_in_market": 0.4217687074829932,
  "folds_vs_benchmark": [
    {
      "fold_id": 1,
      "strategy_sharpe": -1.264453220416562,
      "strategy_return": -0.1302501004377585,
      "buy_hold_sharpe": -0.20677670815768534,
      "buy_hold_return": -0.050502871858272624
    },
    {
      "fold_id": 2,
      "strategy_sharpe": 0.5455001306294327,
      "strategy_return": 0.0039315281491354,
      "buy_hold_sharpe": 2.1966865058133656,
      "buy_hold_return": 0.28317623070774567
    },
    {
      "fold_id": 3,
      "strategy_sharpe": -0.586180108423998,
      "strategy_return": -0.0550437417900563,
      "buy_hold_sharpe": 0.6515776333889669,
      "buy_hold_return": 0.17578127247228825
    },
    {
      "fold_id": 4,
      "strategy_sharpe": 0.9373380679008936,
      "strategy_return": 0.0866792333890498,
      "buy_hold_sharpe": 1.1747217416441444,
      "buy_hold_return": 0.15915739159232145
    },
    {
      "fold_id": 5,
      "strategy_sharpe": -0.0609072081217564,
      "strategy_return": -0.0089353034437432,
      "buy_hold_sharpe": -0.1848169028475169,
      "buy_hold_return": -0.07143573871531872
    },
    {
      "fold_id": 6,
      "strategy_sharpe": NaN,
      "strategy_return": 0.0,
      "buy_hold_sharpe": 1.756784958226485,
      "buy_hold_return": 0.2379995151190355
    },
    {
      "fold_id": 7,
      "strategy_sharpe": 1.2026383721284242,
      "strategy_return": 0.0672336261215302,
      "buy_hold_sharpe": 1.8281908030486134,
      "buy_hold_return": 0.254583477899343
    }
  ],
  "calibrator": "not implemented for this baseline",
  "ensemble": "not applicable: single logistic model per fold"
}
